// Jest Snapshot v1, https://goo.gl/fbAQLP

exports[`<AddRecipe/> should render add recipes 1`] = `
<div
  className="my_container backgimg"
>
  <Navigation />
  <div
    className="mycontent"
  >
    <form
      onSubmit={[Function]}
    >
      <div
        className="form-group"
      >
        Recipe Name:
        <input
          className="form-control recipename"
          name="recipename"
          onChange={[Function]}
          required={true}
          type="text"
          value=""
        />
      </div>
      <div
        className="form-group"
      >
        Description:
        <input
          className="form-control recipe_description"
          name="recipe_description"
          onChange={[Function]}
          required={true}
          type="text-area"
          value=""
        />
      </div>
      <div
        className="form-group"
      >
        Instructions:
        <textarea
          className="form-control instructions"
          name="instructions"
          onChange={[Function]}
          required={true}
          value=""
        />
      </div>
      <button
        className="btn btn-danger formsave"
        type="submit"
      >
        Save
      </button>
    </form>
  </div>
</div>
`;
