// Jest Snapshot v1, https://goo.gl/fbAQLP

exports[`<Main/> should render main 1`] = `
<div
  className="my_container backgimg"
>
  <nav
    className="navbar navbar-inverse"
  >
    <div
      className="container-fluid"
    >
      <div
        className="navbar-header"
      >
        <a
          className="navbar-brand title"
        >
          <Link
            replace={false}
            to="/"
          >
            Yummy Recipe App
          </Link>
        </a>
      </div>
    </div>
  </nav>
  <div
    className="mycontent"
  >
    <h3>
       Do you love cooking and eating amazing food 
    </h3>
    <h3>
       And cannot keep track of your favorite recipe
    </h3>
    <h3>
       We have got you 
    </h3>
    <h3>
       View our amazing recipes by simply login
    </h3>
    <button
      className="btn btn-default formsave"
      type="submit"
    >
      <Link
        replace={false}
        to="/login"
      >
         Login 
      </Link>
    </button>
    <h4>
      Do not have an account with us:
    </h4>
    <button
      className="btn btn-default formsave"
      type="submit"
    >
      <Link
        replace={false}
        to="/register"
      >
         Sign Up 
      </Link>
    </button>
  </div>
</div>
`;
