// Jest Snapshot v1, https://goo.gl/fbAQLP

exports[`<Register/> should render pagination 1`] = `
<div
  className="my_container backgimg"
>
  <nav
    className="navbar navbar-inverse"
  >
    <div
      className="container-fluid"
    >
      <div
        className="navbar-header"
      >
        <Link
          className="navbar-brand title"
          replace={false}
          to="/"
        >
          Yummy Recipe App
        </Link>
      </div>
    </div>
  </nav>
  <div
    className="mycontent register"
  >
    <p>
       Donot have an account with us:
    </p>
    <form
      onSubmit={[Function]}
    >
      <div
        className="form-group"
      >
        Email:
        <input
          className="form-control"
          name="email"
          onChange={[Function]}
          required={true}
          type="email"
          value=""
        />
      </div>
      <div
        className="form-group"
      >
        Password:
        <input
          className="form-control"
          name="password"
          onChange={[Function]}
          required={true}
          type="password"
          value=""
        />
      </div>
      <div
        className="form-group"
      >
        Security Question:
        <input
          className="form-control"
          name="security_question"
          onChange={[Function]}
          required={true}
          type="text"
          value=""
        />
      </div>
      <div
        className="form-group"
      >
        Security Answer:
        <input
          className="form-control"
          name="security_answer"
          onChange={[Function]}
          required={true}
          type="text"
          value=""
        />
      </div>
      <button
        className="btn btn-danger formsave"
        type="submit"
      >
        Sign Up
      </button>
      <p>
         Already have an account with us:
      </p>
      <Link
        replace={false}
        to="/login"
      >
         Login
      </Link>
    </form>
  </div>
</div>
`;
