// Jest Snapshot v1, https://goo.gl/fbAQLP

exports[`<ResetPassword /> should render pagination 1`] = `
<div
  className="my_container backgimg"
>
  <nav
    className="navbar navbar-inverse"
  >
    <div
      className="container-fluid"
    >
      <div
        className="navbar-header"
      >
        <Link
          className="navbar-brand title"
          replace={false}
          to="/"
        >
          Yummy Recipe App
        </Link>
      </div>
    </div>
  </nav>
  <div
    className="mycontent register"
  >
    <p>
       Forgot your password:
    </p>
    <form
      onSubmit={[Function]}
    >
      <div
        className="form-group"
      >
        Email:
        <input
          className="form-control email"
          name="email"
          onChange={[Function]}
          required={true}
          type="email"
          value=""
        />
      </div>
      <div
        className="form-group"
      >
        New Password:
        <input
          className="form-control new_password"
          name="new_password"
          onChange={[Function]}
          required={true}
          type="password"
          value=""
        />
      </div>
      <div
        className="form-group"
      >
        Security Question:
        <input
          className="form-control security_question"
          name="security_question"
          onChange={[Function]}
          required={true}
          type="text"
          value=""
        />
      </div>
      <div
        className="form-group"
      >
        Security Answer:
        <input
          className="form-control security_answer"
          name="security_answer"
          onChange={[Function]}
          required={true}
          type="text"
          value=""
        />
      </div>
      <button
        className="btn btn-danger formsave"
        type="submit"
      >
        Reset password
      </button>
    </form>
  </div>
</div>
`;
