// Jest Snapshot v1, https://goo.gl/fbAQLP

exports[`<Category/> should render view categories 1`] = `
<div
  className="col-sm-6 col-md-4"
>
  <div
    className="card"
  >
    <div
      className="card-block"
    >
      <h3
        className="card-title"
      />
      <p
        className="card-text"
      />
      <button
        className="btn btn-danger btn-sm delete"
        type="button"
      >
        <span
          className="glyphicon glyphicon-trash"
        />
        Delete
      </button>
      <Link
        className="btn btn-success btn-sm edit"
        replace={false}
        to="edit-categories/undefined"
      >
        <span
          className="glyphicon glyphicon-edit"
        />
         Edit
      </Link>
      <Link
        className="btn btn-success btn-sm add"
        replace={false}
        to="add-recipes/undefined/recipes"
      >
        <span
          className="glyphicon glyphicon-edit"
        />
         Add Recipes
      </Link>
      <Link
        className="btn btn-success btn-sm view"
        replace={false}
        to="view-recipes/undefined/recipes"
      >
        <span
          className="glyphicon glyphicon-edit"
        />
         View Recipes
      </Link>
    </div>
  </div>
</div>
`;

exports[`<ViewCategory/> should render view categories 1`] = `
<div
  className="my_container backgimg"
>
  <Navigation />
  <div
    className="mycontent"
  >
    <form
      onSubmit={[Function]}
    >
      <div
        className="form-group"
      >
        Search for a category:
        <input
          className="form-control"
          name="q"
          onChange={[Function]}
          placeholder="search"
          type="text"
          value=""
        />
        <button
          className="btn btn-danger formsave"
          type="submit"
        >
          Search
        </button>
      </div>
    </form>
    <h3>
       Categories 
    </h3>
    <button
      className="btn btn-default btn-md"
      type="button"
    >
      <Link
        replace={false}
        to="/add-categories"
      >
        <span
          className="glyphicon glyphicon-trash"
        />
         Add category
      </Link>
    </button>
    <div
      className="row"
    />
    <Pagination
      handlePage={[Function]}
      perPage={6}
      total=""
    />
  </div>
</div>
`;
